1712  1712 D Layer   : Focus: isHiddenByPolicy parent Task=387#45551 is hidden cause not visible
06-20 11:56:28.808  1712  1712 D SurfaceFlinger: Focus inVisible Reason:isVisibleForInput(){hasInputInfo()?canReceiveInput():isVisible()}=0 has=1 can{!isHiddenByPolicy()&&(mBuffer==nullptr||getAlpha()>0.0f)}=0 Hidden=1 Buf=1 getA=1
06-20 11:56:28.808  6665  6691 W Battery : ThermalControllHandler: tempLevel=5,userMode=2,gameUserMode=7,appType=-1,envTempType=1,appStates=[],appSwitchSafetyMode=false
06-20 11:56:28.809  2292  4034 I InputDispatcher: NFW_setFocusedWindow, <null> on display 0, same as the previous:0
06-20 11:56:28.809  2292  4034 I InputDispatcher: updateFocusedWindow,  on display 0, reason: Waiting for window because NO_WINDOW, result:   FocusedWindows: <none>
06-20 11:56:28.809  6665  6691 W Battery : ThermalControllerCenter: mSafetyState=00000
06-20 11:56:28.812  6665  6691 W Battery : ThermalControllHandler: tempGear=5,configItemName=common_config
06-20 11:56:28.812  6665  7915 W Battery : ThermalControllHandler: MSG_THERMAL_CONTROL_CATEGORY_CHANGED
06-20 11:56:28.812  6665  7915 E Battery : ThermalControlConfig: TsensorPolicy featureConfig is null
06-20 11:56:28.812  6665  7915 W Battery : ThermalControllerCenter: startCollingMethods,thermalPolicy=Policy info
06-20 11:56:28.812  6665  7915 W Battery : {
06-20 11:56:28.812  6665  7915 W Battery :  categoryName: com.android.launcher
06-20 11:56:28.812  6665  7915 W Battery :  configItemName: gear_config
06-20 11:56:28.812  6665  7915 W Battery :  gearVal:5, cpuVal:-1, gpuVal:-1, restrictVal:0, brightnessVal:0, chargeVal:7, modemVal:0, disFlashVal:0, stopCameraVideoVal:0, cameraBrightnessVal:255, disCameraVal:0, disWifiHotSpotVal:0, disTorchVal:0, disFrameInsertVal:0, fpsVal:0, refreshRateVal:0, cpuPowerVal:-2, disVideoSRVal:0, wifiVal:-2, thermalSerious:-2, speedChargeAdd:-2, ipaweight:-2,-2,-2, boostBreak1:-2, boostBreak2:-2, heatoffPolicy:-2
06-20 11:56:28.812  6665  7915 W Battery : }
06-20 11:56:28.812  6665  7915 W Battery : ThermalControlUtils:  set modem=0
06-20 11:56:28.812  6665  7915 W Battery : ThermalControlUtils: not set the same modem=0
06-20 11:56:28.812  2292  2989 D OplusDisplayManagerServiceEnhance: OplusDisplayManagerServiceEnhance setSpecBrightness gear = 0 reason = com.android.launcher@temperature@35@normal rate = -1
06-20 11:56:28.813  2292  2816 I OplusSmartBrightnessController: handleMessage MSG_TEMPERATURE_LIMIT_BRIGHTNESS_CHANGED.
06-20 11:56:28.813  2292  2816 D OplusFeatureTemperatureLimitBrightness: new parameter!ControlInfo:[ gear = 0 reason = com.android.launcher@temperature@35@normal brightness = 10238 package = com.android.launcher type = temperature temperature = 35 priority = normal rate = -1] HadDragPoint = false mode = 0
06-20 11:56:28.813  2292  2816 D OplusFeatureTemperatureLimitBrightness: isResetUpdate = false isNormalUpdate = false isSafetyRegulationsForceUpdate = false mLastBrightnessLimit = 6292
06-20 11:56:28.813  2292  2814 D ColorAutomaticBrightnessController: MSG_UPDATE_BRIGHTNESS
06-20 11:56:28.817  2292  4307 D TaskSnapshotCache: putSnapshot mRunningCache top= ActivityRecord{6739004 u0 com.pagohelper/.MainActivity t393 f}}, mTaskId=393, snapshot=TaskSnapshot{ mId=1781970988805 mCaptureTime=1160163496418741 mTopActivityComponent=com.pagohelper/.MainActivity mSnapshot=android.hardware.HardwareBuffer@40e451 (1080x2412) mColorSpace=sRGB IEC61966-2.1 (id=0, model=RGB) mOrientation=1 mRotation=0 mTaskSize=Point(1080, 2412) mContentInsets=[0,96][0,132] mLetterboxInsets=[0,0][0,0] mIsLowResolution=false mIsRealSnapshot=true mWindowingMode=1 mAppearance=24 mIsTranslucent=true mHasImeSurface=false, mAppIdMap size= 5
06-20 11:56:28.817  4153  4219 D BaseIconCache: !getEntryFromDB title =
06-20 11:56:28.818  2292  2749 V WindowManager: Sent Transition #2979 createdAt=06-20 11:56:28.781 via request=TransitionRequestInfo { type = CLOSE, triggerTask = null, remoteTransition = null, displayChange = null }
06-20 11:56:28.818  2292  2749 V WindowManager:     startWCT=WindowContainerTransaction { changes = {} hops = [] errorCallbackToken=null taskFragmentOrganizer=null }
06-20 11:56:28.818  2292  2749 V WindowManager:     info={id=2979 t=CLOSE f=0x10 trk=0 r=[0@Point(0, 0)] c=[{WCT{RemoteToken{48ea278 Task{222cf94 #1 type=home}}} m=TO_FRONT f=SHOW_WALLPAPER|MOVE_TO_TOP leash=Surface(name=Task=1)/@0x657bbf2 sb=Rect(0, 0 - 1080, 2412) eb=Rect(0, 0 - 1080, 2412) d=0},{WCT{RemoteToken{7d879f7 Task{9ba870 #393 type=standard A=10228:com.pagohelper}}} m=CLOSE f=NONE leash=Surface(name=Task=393)/@0x85f6064 sb=Rect(0, 0 - 1080, 2412) eb=Rect(0, 0 - 1080, 2412) d=0}]}
06-20 11:56:28.818  3870  3998 V WindowManagerShell: onTransitionReady android.os.BinderProxy@693fec0: {id=2979 t=CLOSE f=0x10 trk=0 r=[0@Point(0, 0)] c=[{WCT{android.window.IWindowContainerToken$Stub$Proxy@8e99cbb} m=TO_FRONT f=SHOW_WALLPAPER|MOVE_TO_TOP leash=Surface(name=Task=1)/@0xa1a46ec sb=Rect(0, 0 - 1080, 2412) eb=Rect(0, 0 - 1080, 2412) d=0},{WCT{android.window.IWindowContainerToken$Stub$Proxy@cdae5d8} m=CLOSE f=NONE leash=Surface(name=Task=393)/@0x5544ab5 sb=Rect(0, 0 - 1080, 2412) eb=Rect(0, 0 - 1080, 2412) d=0}]}
06-20 11:56:28.818  3870  3998 D FSS_OplusFoldSwitchStateObserver: getDeviceFolding: mDeviceFolding = false
06-20 11:56:28.818  3870  3998 V WindowManagerShell: Transition (#2979)android.os.BinderProxy@693fec0@0 ready while (#2978)android.os.BinderProxy@7dad51b@0 is still animating. Notify the animating transition in case they can be merged
06-20 11:56:28.819  3870  3998 D OplusShellTransition: RemoteTransitionHandler, Merge into remote: RemoteTransition { remoteTransition = android.window.IRemoteTransition$Stub$Proxy@447a7f7, appThread = android.app.IApplicationThread$Stub$Proxy@7b9f664, debugName = QuickstepLaunch }
06-20 11:56:28.819  3870  3998 V WindowManagerShell:    Merge into remote: RemoteTransition { remoteTransition = android.window.IRemoteTransition$Stub$Proxy@447a7f7, appThread = android.app.IApplicationThread$Stub$Proxy@7b9f664, debugName = QuickstepLaunch }
06-20 11:56:28.819 23482 23482 D VRI[MainActivity]: onFocusEvent false
06-20 11:56:28.819  4153  4153 W VRI[Launcher]: handleResized abandoned!
06-20 11:56:28.820 20646 20646 W VRI[Launcher]: handleResized abandoned!
06-20 11:56:28.820  4153  4261 D RemoteAnimationRunnerCompat: Remote transition mergeAnimation, this = com.android.systemui.shared.system.RemoteAnimationRunnerCompat$1@15e9dc1
06-20 11:56:28.820  4153  4261 D RemoteAnimationRunnerCompat: Found launcher task
06-20 11:56:28.820  4153  4261 D RemoteAnimationRunnerCompat: shouldInterrupt = true
06-20 11:56:28.820  4153  4261 D RemoteAnimationUtil: updateWCTExtendInfo extResult:null
06-20 11:56:28.820  4153  4261 D RemoteAnimationRunnerCompat: animationFinishedCallback run
06-20 11:56:28.820  4153  4261 D AppTransitionParam: applyToTaskLeashForInterrupt, params = isValid = true, isOpening = true, matrix = Matrix{[0.90705216, 0.0, 9.695465][0.0, 0.90705216, 99.406006][0.0, 0.0, 1.0]}, windowAlpha = 1.0, crop = Rect(0, 0 - 1080, 2412), windowCornerRadius = 124.78934, isFromRecent = false
06-20 11:56:28.820  2292  2750 I ActivityManager: hookHandleApplicationCrashBeforeInner do not showErrorDialog shouldThottle= true
06-20 11:56:28.821  4153  4219 D BaseIconCache: using package default icon, title =
06-20 11:56:28.821  7114 24296 D metis_v2_AppInfoUtils: getTopAppInfos is [OplusAppInfo{windowingMode=1, activityType=2, taskId=5, appBounds=Rect(0, 0 - 1080, 2412), appInfo=ApplicationInfo{bd048be com.android.launcher}, topActivity=ComponentInfo{com.android.launcher/com.android.launcher.Launcher}, displayId=0, orientation=5, userId=0, launchedFromPackage=null, isRootActivity=true, extension=Bundle[EMPTY_PARCEL]}]
06-20 11:56:28.821  7114 24296 D metis_v2_AppSwitchDataCollector: Delete Top Application: com.pagohelper
06-20 11:56:28.821 23482 24606 I Process : Sending signal. PID: 23482 SIG: 9
06-20 11:56:28.821  3870  3998 V WindowManagerShell: Transition animation finished (aborted=false), notifying core (#2978)android.os.BinderProxy@7dad51b@0
06-20 11:56:28.821  3870  3998 D OplusRemoteInterruptManager: matchInterrupt true
06-20 11:56:28.821  3870  3998 D OplusRemoteInterruptManager: merge remote, reparent leashs to Transition Root B, secondInfo: {id=2979 t=CLOSE f=0x10 trk=0 r=[0@Point(0, 0)] c=[{WCT{android.window.IWindowContainerToken$Stub$Proxy@8e99cbb} m=TO_FRONT f=SHOW_WALLPAPER|MOVE_TO_TOP leash=Surface(name=Task=1)/@0xa1a46ec sb=Rect(0, 0 - 1080, 2412) eb=Rect(0, 0 - 1080, 2412) d=0},{WCT{android.window.IWindowContainerToken$Stub$Proxy@cdae5d8} m=CLOSE f=NONE leash=Surface(name=Task=393)/@0x5544ab5 sb=Rect(0, 0 - 1080, 2412) eb=Rect(0, 0 - 1080, 2412) d=0}]}
06-20 11:56:28.823  2292  2990 V WindowManager: Relayout Window{4143342 u0 OplusOSEdgeFloatBar}: viewVisibility=0, oldvis=8, req=56x358, vsysui=LAYOUT_STABLE LAYOUT_HIDE_NAVIGATION LAYOUT_FULLSCREEN
06-20 11:56:28.823  2292  2990 I WindowManager: Window{4143342 u0 OplusOSEdgeFloatBar} state from NO_SURFACE to DRAW_PENDING; reason: resetDrawState
06-20 11:56:28.823  1712  1712 D Layer   : reparent to null sequence=46042, seq[2], name=Transition Root: Task=393#46042
06-20 11:56:28.823  1712  1712 D OplusLayer: setGameMode 2939e0d InputMethod#115, gameMode 0, parentLayer Surface(name=2939e0d InputMethod)/@0xd0b81c5 - animation-leash of insets_animation#46053.
06-20 11:56:28.823  1712  1712 D OplusLayer: setGameMode WindowToken{9437656 type=2011 android.os.Binder@9dc4871}#114, gameMode 0, parentLayer ImeContainer#13.
06-20 11:56:28.823  1712  1712 D OplusLayer: setGameMode Task=5#83, gameMode 0, parentLayer Task=1#47.
06-20 11:56:28.823  1712  1712 D OplusLayer: setGameMode ActivityRecord{aaf3238 u0 com.android.launcher/.Launcher t5}#84, gameMode 0, parentLayer Task=5#83.
06-20 11:56:28.823  1712  1712 D OplusLayer: setGameMode cc14e4d ActivityRecordInputSink com.android.launcher/.Launcher#108, gameMode 0, parentLayer ActivityRecord{aaf3238 u0 com.android.launcher/.Launcher t5}#84.
06-20 11:56:28.823  1712  1712 D OplusLayer: setGameMode 68b79 com.android.launcher/com.android.launcher.Launcher#85, gameMode 0, parentLayer ActivityRecord{aaf3238 u0 com.android.launcher/.Launcher t5}#84.
06-20 11:56:28.824  1712  1845 D OplusLayer: setProcInfo (46060,OplusOSEdgeFloatBar#46060,com.coloros.smartsidebar:edgepanel)
06-20 11:56:28.825  7114 24296 D metis_v2_EntityMap: className:Application
06-20 11:56:28.827  1434 17497 D IRIS_LOG_SERV: video start playing, layer38175 z-order 3 at fps: 15439
06-20 11:56:28.829  4153  4219 D BaseIconCache: !getEntryFromDB title =
06-20 11:56:28.829  2292  2990 V WindowManager: Changing focus from null to Window{68b79 u0 com.android.launcher/com.android.launcher.Launcher},diplayid=0
06-20 11:56:28.829  4153  4219 D BaseIconCache: using package default icon, title =
06-20 11:56:28.829  2292  2990 D Theia.NoFocusWindow: FocusWindowErrorScene cancelCheckFreezeScreen
06-20 11:56:28.829  2292  2990 W TheiaWindowMonitor: [check] focusedWindow is null or enable is false
06-20 11:56:28.831  2292  3984 I OplusAppSwitchManagerService:  handleAppVisible , r = ActivityRecord{6739004 u0 com.pagohelper/.MainActivity t393 f}}
06-20 11:56:28.831  6724  6724 D BufferQueueConsumer: [](id:1a440000036b,api:0,p:-1,c:6724) connect: controlledByApp=false
06-20 11:56:28.831  2292  3984 D OplusTransitionController: finishTransition, transition: TransitionRecord{beadb9c id=2978 type=OPEN flags=0x0}
06-20 11:56:28.831  2292  3984 D OplusTransitionAnimationManager: commitVisibilityWhenFinishTransition type=1, ar.isVisibleRequested=false, ar.isVisible=true, ar.isVisibleRequested=false, ar=ActivityRecord{6739004 u0 com.pagohelper/.MainActivity t393 f}} ar type 1 ar state :STOPPING displayid :0, participants={Task{9ba870 #393 type=standard A=10228:com.pagohelper}, WallpaperWindowToken{33200ea token=android.os.Binder@6d4918c}, ActivityRecord{6739004 u0 com.pagohelper/.MainActivity t393 f}}, ActivityRecord{aaf3238 u0 com.android.launcher/.Launcher t5}}
06-20 11:56:28.831  2292  3984 D OplusTransitionAnimationManager: commitVisibilityWhenFinishTransition type=1, ar.isVisibleRequested=true, ar.isVisible=true, ar.isVisibleRequested=true, ar=ActivityRecord{aaf3238 u0 com.android.launcher/.Launcher t5} ar type 2 ar state :RESUMED displayid :0, participants={Task{9ba870 #393 type=standard A=10228:com.pagohelper}, WallpaperWindowToken{33200ea token=android.os.Binder@6d4918c}, ActivityRecord{6739004 u0 com.pagohelper/.MainActivity t393 f}}, ActivityRecord{aaf3238 u0 com.android.launcher/.Launcher t5}}
06-20 11:56:28.831  2292  3984 D OplusTransitionAnimationManager: updateTaskVisibleWhenFinishTransition task=Task{222cf94 #1 type=home} top = ActivityRecord{aaf3238 u0 com.android.launcher/.Launcher t5}
06-20 11:56:28.831  2292  3984 D OplusTransitionAnimationManager: updateTaskVisibleWhenFinishTransition task=Task{2f42a5a #5 type=home I=com.android.launcher/.Launcher} top = ActivityRecord{aaf3238 u0 com.android.launcher/.Launcher t5}
06-20 11:56:28.831  2292  2749 V WindowManager: Finish Transition #2978: created at 06-20 11:56:28.514 collect-started=0.04ms request-sent=10.145ms started=14.581ms ready=44.607ms sent=49.023ms finished=315.702ms
06-20 11:56:28.832  3870  3998 D ShellTaskOrganizer: onTransitionFinish, isRecent:false
06-20 11:56:28.832  3870  3998 V WindowManagerShell: Playing animation for (#2979)android.os.BinderProxy@693fec0@0
06-20 11:56:28.832  3870  3998 D OplusShellTransition: remote interrupt, setupAnimHierarchy return
06-20 11:56:28.832  3870  3998 V WindowManagerShell:  try handler com.oplus.zoom.transition.ZoomTransitionController@e9d064f
06-20 11:56:28.832  3870  3998 V WindowManagerShell:  try handler com.android.wm.shell.transition.DefaultMixedHandler@e1f1dc
06-20 11:56:28.832  3870  3998 V WindowManagerShell:  try handler com.android.wm.shell.keyguard.KeyguardTransitionHandler@c1d142f
06-20 11:56:28.832  3870  3998 V WindowManagerShell:  try handler com.android.wm.shell.activityembedding.ActivityEmbeddingController@fe21a3c
06-20 11:56:28.832  3870  3998 V WindowManagerShell:  try handler com.android.wm.shell.recents.RecentsTransitionHandler@daba3c5
06-20 11:56:28.832  3870  3998 V WindowManagerShell: RecentsTransitionHandler.startAnimation: no controller found
06-20 11:56:28.832  3870  3998 V WindowManagerShell:  try handler com.android.wm.shell.pip.PipTransition@d58f11a
06-20 11:56:28.832  3870  3998 V WindowManagerShell:  try handler com.android.wm.shell.splitscreen.StageCoordinator@c70c44b
06-20 11:56:28.832  3870  3998 V WindowManagerShell:  try handler com.oplus.flexibleactivity.FlexibleActivityTransitionHandler@4d49e28
06-20 11:56:28.832  3870  3998 V WindowManagerShell:  try handler OnePuttTransitionHandler
06-20 11:56:28.832  3870  3998 D OnePuttTransitionHandler:  startAnimation= android.os.BinderProxy@693fec0 startTransaction= android.view.SurfaceControl$Transaction@4c513a2 finishTransaction= android.view.SurfaceControl$Transaction@530e833 finishCallback= com.android.wm.shell.transition.Transitions$$ExternalSyntheticLambda6@70497f0 TransitionInfo ={id=2979 t=CLOSE f=0x10 trk=0 r=[0@Point(0, 0)] c=[{WCT{android.window.IWindowContainerToken$Stub$Proxy@8e99cbb} m=TO_FRONT f=SHOW_WALLPAPER|MOVE_TO_TOP leash=Surface(name=Task=1)/@0xa1a46ec sb=Rect(0, 0 - 1080, 2412) eb=Rect(0, 0 - 1080, 2412) d=0},{WCT{android.window.IWindowContainerToken$Stub$Proxy@cdae5d8} m=CLOSE f=NONE leash=Surface(name=Task=393)/@0x5544ab5 sb=Rect(0, 0 - 1080, 2412) eb=Rect(0, 0 - 1080, 2412) d=0}]}
06-20 11:56:28.832  3870  3998 V WindowManagerShell:  try handler com.android.wm.shell.transition.RemoteTransitionHandler@141f2aa
06-20 11:56:28.832  3870  3998 V WindowManagerShell: Transition doesn't have explicit remote, search filters for match for {id=2979 t=CLOSE f=0x10 trk=0 r=[0@Point(0, 0)] c=[{WCT{android.window.IWindowContainerToken$Stub$Proxy@8e99cbb} m=TO_FRONT f=SHOW_WALLPAPER|MOVE_TO_TOP leash=Surface(name=Task=1)/@0xa1a46ec sb=Rect(0, 0 - 1080, 2412) eb=Rect(0, 0 - 1080, 2412) d=0},{WCT{android.window.IWindowContainerToken$Stub$Proxy@cdae5d8} m=CLOSE f=NONE leash=Surface(name=Task=393)/@0x5544ab5 sb=Rect(0, 0 - 1080, 2412) eb=Rect(0, 0 - 1080, 2412) d=0}]}
06-20 11:56:28.832  3870  3998 V WindowManagerShell:  Checking filter Pair{{types=[] flags=0x0] notFlags=0x100 checks=[{atype=home independent=true modes=[OPEN,TO_FRONT] flags=NONE mustBeTask=false order=TOP topActivity=ComponentInfo{com.android.launcher/com.android.launcher.Launcher}},{atype=standard independent=true modes=[CLOSE,TO_BACK] flags=NONE mustBeTask=false order=ANY topActivity=null}]} RemoteTransition { remoteTransition = android.window.IRemoteTransition$Stub$Proxy@7e974d4, appThread = android.app.IApplicationThread$Stub$Proxy@ff7867d, debugName = QuickstepLaunchHome }}
06-20 11:56:28.832  3870  3998 D RemoteTransitionHandler: Found filterPair{{types=[] flags=0x0] notFlags=0x100 checks=[{atype=home independent=true modes=[OPEN,TO_FRONT] flags=NONE mustBeTask=false order=TOP topActivity=ComponentInfo{com.android.launcher/com.android.launcher.Launcher}},{atype=standard independent=true modes=[CLOSE,TO_BACK] flags=NONE mustBeTask=false order=ANY topActivity=null}]} RemoteTransition { remoteTransition = android.window.IRemoteTransition$Stub$Proxy@7e974d4, appThread = android.app.IApplicationThread$Stub$Proxy@ff7867d, debugName = QuickstepLaunchHome }}
06-20 11:56:28.832  3870  3998 V WindowManagerShell:  Delegate animation for #2979 to RemoteTransition { remoteTransition = android.window.IRemoteTransition$Stub$Proxy@7e974d4, appThread = android.app.IApplicationThread$Stub$Proxy@ff7867d, debugName = QuickstepLaunchHome }
06-20 11:56:28.832  3870  3998 D OplusShellTransition: RemoteTransitionHandler, shell start remote animation, type: CLOSE
06-20 11:56:28.833  3870  3998 V WindowManagerShell:  animated by com.android.wm.shell.transition.RemoteTransitionHandler@141f2aa
06-20 11:56:28.833  3870  3998 D OplusShellTransition: dispatchTransition, animated mHandler: com.android.wm.shell.transition.RemoteTransitionHandler@141f2aa
06-20 11:56:28.833  2292  2821 D VRR [OPlusRefreshRateService]: Receive multi scene changed eventId = 5 bundleList.size = 2
06-20 11:56:28.833  4153  4261 D RemoteAnimationRunnerCompat: Remote transition startAnimation
06-20 11:56:28.833   880  2697 I android.system.suspend-service: --mSuspendCounter = 2
06-20 11:56:28.834  2292  2752 D OplusBatteryManager: getPsyBatteryRm: 3000
06-20 11:56:28.834  2292  2752 D BatteryStatsImplExtImpl: resumedUid:10196 resumedBatteryLevel:86  resumedPackage:com.android.launcher  resumedBatteryRealtimeCapacity:3000
06-20 11:56:28.834  4153  4219 D BaseIconCache: !getEntryFromDB title =
06-20 11:56:28.834  4153  4219 D BaseIconCache: using package default icon, title =
06-20 11:56:28.834  6665  7915 W Battery : ThermalControlUtils: not set the same wifi=0
06-20 11:56:28.834  6665  7915 W Battery : ThermalControllerCenter: Same as last cpu policy, gpu policy and thermalSerious
06-20 11:56:28.834  2292  2292 D OplusFeatureMEMC_PW: THERMAL_THROTTLING: 0
06-20 11:56:28.835  7114  7565 D metis_v2_JenaAdapter: deleteObjectTypeProperty: object http://com.oplus.pantanal/metis/core-ontology#TopApplication has statement size:0
06-20 11:56:28.835  7114 24296 D metis_v2_JenaAdapter: deleteObjectTypeProperty: delete object http://com.oplus.pantanal/metis/core-ontology#TopApplication
06-20 11:56:28.835  7114 24296 D metis_v2_JenaAdapter: deleteIndividual fact:http://com.oplus.pantanal/metis/core-ontology#TopApplication
06-20 11:56:28.835  7114 24296 D metis_v2_JenaAdapter: removeCache value:http://com.oplus.pantanal/metis/core-ontology#TopApplication
06-20 11:56:28.835  7114 24296 D metis_v2_JenaAdapter: createIndividual id:TopApplication,className:Application
06-20 11:56:28.835  4153  4219 D BaseIconCache: !getEntryFromDB title =
06-20 11:56:28.835  4153  4219 D BaseIconCache: using package default icon, title =
06-20 11:56:28.835  4153  4261 D RemoteAnimationRunnerCompat: Got app task
06-20 11:56:28.837  7114 15089 D SceneSDK.1.0.4-SNAPSHOT.7114.DeepThinkerAppSwitchAbility: onAppSwitchEvent: AppSwitchEvent(timeStamp=1781970988804, eventType=1, targetName=com.android.launcher, firstStart=false, multiApp=false, windowMode=1, resumingPackageName=, resumingActivityName=, isResumingMultiApp=false, isResumingFirstStart=false)
06-20 11:56:28.837  7114 15089 I metis_v2_AppSwitchDataCollector: AppEnterEvent =  com.android.launcher, windowMode = 1
06-20 11:56:28.837  7114 15089 D metis_v2_DataCallback: notifyCallBack
06-20 11:56:28.837  7114 15089 D metis_v2_Utils: before freeHeapGC fressHeapTimeDistance:1781970988837 | freeMemory:1764477
06-20 11:56:28.837  4153  4153 D IconConfigParser: parseConfig::icon config =: IconConfig = [ isForeign : true,theme : 2,iconSize : 5000,iconShape : 0,foregroundSize : 5600,artPlusOn : 0,iconRadius ：36,darkModeIcon:1,localSpecial:false,iconThemeEnable:false ]
06-20 11:56:28.837  2292  2752 E SchedAssist: failed to open /proc/23482/task/24595/ux_state (2): No such file or directory
06-20 11:56:28.837  2292  2752 E SchedAssist: failed to open /proc/23482/task/24658/ux_state (2): No such file or directory
06-20 11:56:28.837  2292  2752 E SchedAssist: failed to open /proc/23482/task/24655/ux_state (2): No such file or directory
06-20 11:56:28.837  4153  4153 D TracePrintUtil: asyncTraceEnd remove 10,windAnimTagArray.size = 0
06-20 11:56:28.837  4153  4153 D TracePrintUtil: onWindowAnimationEnd
06-20 11:56:28.837  4153  4153 I PantaCardSdk.PantanalClient: notifyInterruptLoadingCard,isRunning = false[sdk:v1.0.28-6d86c21,plugin:vnull-null]
06-20 11:56:28.837  4153  4153 I SeedlingSdk.SeedlingSdkInterface: (main) notifyInterruptLoadingCard，enableInterrupt = false,[sdk:v1.1.33-6d86c21,plugin:v14.1.46-6f7dcb09]
06-20 11:56:28.837  4153  4153 E OsenseResClient: osenseClrSceneAction: handle is illegal
06-20 11:56:28.838  7114 15089 D metis_v2_AppInfoUtils: getTopAppInfos is [OplusAppInfo{windowingMode=1, activityType=2, taskId=5, appBounds=Rect(0, 0 - 1080, 2412), appInfo=ApplicationInfo{ecd0d1f com.android.launcher}, topActivity=ComponentInfo{com.android.launcher/com.android.launcher.Launcher}, displayId=0, orientation=5, userId=0, launchedFromPackage=null, isRootActivity=true, extension=Bundle[EMPTY_PARCEL]}]
06-20 11:56:28.838  7114 15089 I metis_v2_AppSwitchDataCollector:  set isNotifiedTVCast
06-20 11:56:28.838  4153  4153 E SideSlipGesturesGuideHelper[u0]: canShowSwipeUpGuide launcher is null
06-20 11:56:28.838  4153  4153 D b/223498680: LRV onStateTransitionStart setFreezeVisibility=true, toState=AllApps
06-20 11:56:28.839  4153  4153 D b/223498680: LRV onStateTransitionComplete setFreezeVisibility=false, finalState=AllApps
06-20 11:56:28.839  4153  4153 D b/223498680: LRV setIsForceSkipSetCurrentTask, finalState=AllApps; isGestureActive: false; isHandlingConfigurationChanged: false
06-20 11:56:28.839  4153  4153 D b/223498680: LRV setIsForceSkipSetCurrentTask, finalState=null; isGestureActive: false; isHandlingConfigurationChanged: false
06-20 11:56:28.839  4153  4153 D b/223498680: LRV onStateTransitionComplete setFreezeVisibility=false, finalState=AllApps
06-20 11:56:28.839  4153  4153 D TracePrintUtil: asyncTraceBegin add 101
06-20 11:56:28.839  4153  4153 I PantaCardSdk.PantanalClient: notifyInterruptLoadingCard,isRunning = true[sdk:v1.0.28-6d86c21,plugin:vnull-null]
06-20 11:56:28.839  4153  4153 I SeedlingSdk.SeedlingSdkInterface: (main) notifyInterruptLoadingCard，enableInterrupt = true,[sdk:v1.1.33-6d86c21,plugin:v14.1.46-6f7dcb09]
06-20 11:56:28.840  4153  4153 D LauncherRemoteAnimUtil: Restore, taskLeash.isValid = true, it.mode = 0, targetMode = 1
06-20 11:56:28.840  4153  4153 D LauncherRemoteAnimUtil: Restore, taskLeash.isValid = true, it.mode = 1, targetMode = 1
06-20 11:56:28.840  4153  4153 E OLauncher: setCurrentPlayTime error! Children must be initialized.
06-20 11:56:28.840  4153  4153 E OLauncher: java.lang.UnsupportedOperationException: Error: Play time should always be in between 0 and duration.
06-20 11:56:28.840  4153  4153 E OLauncher:     at android.animation.AnimatorSet.setCurrentPlayTime(AnimatorSet.java:1077)
06-20 11:56:28.840  4153  4153 E OLauncher:     at com.android.launcher3.LauncherAnimationRunner$AnimationResult.setAnimation(:16)
06-20 11:56:28.840  4153  4153 E OLauncher:     at com.android.launcher3.LauncherAnimationRunner$AnimationResult.setAnimation(:1)
06-20 11:56:28.840  4153  4153 E OLauncher:     at com.android.launcher3.OplusQuickstepTransitionManagerImpl$OplusWallpaperOpenLauncherAnimationRunner.onCreateAnimation(:30)
06-20 11:56:28.840  4153  4153 E OLauncher:     at com.android.launcher3.LauncherAnimationRunner.lambda$onAnimationStart$2(:7)
06-20 11:56:28.840  4153  4153 E OLauncher:     at com.android.launcher3.LauncherAnimationRunner.b(:0)
06-20 11:56:28.840  4153  4153 E OLauncher:     at com.android.launcher3.c3.run(:95)
06-20 11:56:28.840  4153  4153 E OLauncher:     at android.os.Handler.handleCallback(Handler.java:958)
06-20 11:56:28.840  4153  4153 E OLauncher:     at android.os.Handler.dispatchMessage(Handler.java:99)
06-20 11:56:28.840  4153  4153 E OLauncher:     at android.os.Looper.loopOnce(Looper.java:257)
06-20 11:56:28.840  4153  4153 E OLauncher:     at android.os.Looper.loop(Looper.java:368)
06-20 11:56:28.840  4153  4153 E OLauncher:     at android.app.ActivityThread.main(ActivityThread.java:8826)
06-20 11:56:28.840  4153  4153 E OLauncher:     at java.lang.reflect.Method.invoke(Native Method)
06-20 11:56:28.840  4153  4153 E OLauncher:     at com.android.internal.os.RuntimeInit$MethodAndArgsCaller.run(RuntimeInit.java:572)
06-20 11:56:28.840  4153  4153 E OLauncher:     at com.android.internal.os.ZygoteInit.main(ZygoteInit.java:1049)
06-20 11:56:28.840  1712  1712 D Layer   : reparent to null sequence=46042, seq[2], name=Transition Root: Task=393#46042
06-20 11:56:28.840  6724  8614 D BufferQueueProducer: [VRI[OplusOSEdgeFloatBar]#875(BLAST Consumer)875](id:1a440000036b,api:1,p:6724,c:6724) connect: api=1 producerControlledByApp=true
06-20 11:56:28.840  1712  1712 D OplusLayer: setGameMode Task=393#46038, gameMode 0, parentLayer Surface(name=Task=393)/@0x2006d54_transition-leash#46062.
06-20 11:56:28.840  1712  1712 D OplusLayer: setGameMode ActivityRecord{6739004 u0 com.pagohelper/.MainActivity t393}#46039, gameMode 0, parentLayer Task=393#46038.
06-20 11:56:28.840  1712  1712 D OplusLayer: setGameMode c2db9ed ActivityRecordInputSink com.pagohelper/.MainActivity#46047, gameMode 0, parentLayer ActivityRecord{6739004 u0 com.pagohelper/.MainActivity t393}#46039.
06-20 11:56:28.840  1712  1712 D OplusLayer: setGameMode d422b18 com.pagohelper/com.pagohelper.MainActivity#46048, gameMode 0, parentLayer Surface(name=d422b18 com.pagohelper/com.pagohelper.MainActivity)/@0x1e74530 - animation-leash of starting_reveal#46052.
06-20 11:56:28.840  1712  1712 D OplusLayer: setGameMode com.pagohelper/com.pagohelper.MainActivity#46049, gameMode 0, parentLayer d422b18 com.pagohelper/com.pagohelper.MainActivity#46048.
06-20 11:56:28.840  1712  1712 D OplusLayer: setGameMode ImeContainer#13, gameMode 0, parentLayer ActivityRecord{6739004 u0 com.pagohelper/.MainActivity t393}#46039.
06-20 11:56:28.840  1712  1712 D OplusLayer: setGameMode Surface(name=2939e0d InputMethod)/@0xd0b81c5 - animation-leash of insets_animation#46053, gameMode 0, parentLayer WindowToken{9437656 type=2011 android.os.Binder@9dc4871}#114.
06-20 11:56:28.840  1712  1712 D OplusLayer: setGameMode 380cb21 Splash Screen com.pagohelper#46040, gameMode 0, parentLayer ActivityRecord{6739004 u0 com.pagohelper/.MainActivity t393}#46039.
06-20 11:56:28.840  1712  1712 D OplusLayer: setGameMode Splash Screen com.pagohelper#46041, gameMode 0, parentLayer 380cb21 Splash Screen com.pagohelper#46040.
06-20 11:56:28.840  6724  8614 E OpenGLRenderer: Unable to match the desired swap behavior.
06-20 11:56:28.841  6724  6724 I SurfaceControl:  setExtendedRangeBrightness sc=Surface(name=OplusOSEdgeFloatBar)/@0x8abb2b4,currentBufferRatio=1.0,desiredRatio=1.0
06-20 11:56:28.841  4104  4173 W [0]DCS  : preciseControlPackageDictionary is not include packageName=com.oplus.crashbox
06-20 11:56:28.844  1434 17497 D IRIS_LOG_SERV: video stop playing
06-20 11:56:28.848  6724  8614 D BLASTBufferQueue: [VRI[OplusOSEdgeFloatBar]#875](f:0,a:1) acquireNextBufferLocked size=56x358 mFrameNumber=1 applyTransaction=true mTimestamp=527079411851172(auto) mPendingTransactions.size=0 graphicBufferId=28879360101845 transform=0
06-20 11:56:28.848  6724  8614 D VRI[OplusOSEdgeFloatBar]: Received frameCommittedCallback lastAttemptedDrawFrameNum=1 didProduceBuffer=true syncBuffer=false
06-20 11:56:28.848  7114 15089 W metis_v2_JenaAdapter: updateDataTypeObject: Invalid params
06-20 11:56:28.848  7114 15089 D metis_v2_JenaAdapter: removeCache value:http://com.oplus.pantanal/metis/core-ontology#TopApplication
06-20 11:56:28.848  7114 15089 D metis_v2_JenaAdapter: putCache key:TopApplication, value:http://com.oplus.pantanal/metis/core-ontology#TopApplication
06-20 11:56:28.848  7114 15089 W metis_v2_JenaAdapter: updateDataTypeObject: Invalid params
06-20 11:56:28.849  6724  6724 D VRI[OplusOSEdgeFloatBar]: draw finished.
06-20 11:56:28.849  6724  6724 D VRI[OplusOSEdgeFloatBar]: reportDrawFinished
06-20 11:56:28.849  6724  6724 D ViewRootImplExtImpl: setMaxDequeuedBufferCount: 2
06-20 11:56:28.849  2292  4324 I WindowManager: Window{4143342 u0 OplusOSEdgeFloatBar} state from DRAW_PENDING to COMMIT_DRAW_PENDING; reason: finishDrawingLocked
06-20 11:56:28.850  4153  4219 D BaseIconCache: !getEntryFromDB title =
06-20 11:56:28.850  4153  4219 D BaseIconCache: using package default icon, title =
06-20 11:56:28.850  2292  2753 I WindowManager: Window{4143342 u0 OplusOSEdgeFloatBar} state from COMMIT_DRAW_PENDING to READY_TO_SHOW; reason: commitFinishDrawingLocked
06-20 11:56:28.850  2292  2753 I WindowManager: Window{4143342 u0 OplusOSEdgeFloatBar} state from READY_TO_SHOW to HAS_DRAWN; reason: performShowLocked
06-20 11:56:28.851  7114 15089 W metis_v2_JenaAdapter: updateDataTypeObject: Invalid params
06-20 11:56:28.851  7114 15089 W metis_v2_JenaAdapter: updateDataTypeObject: Invalid params
06-20 11:56:28.851  7114 15089 W metis_v2_JenaAdapter: updateDataTypeObject: Invalid params
06-20 11:56:28.852  7114 15089 W metis_v2_JenaAdapter: updateDataTypeObject: Invalid params
06-20 11:56:28.852  7114 15089 W metis_v2_JenaAdapter: updateDataTypeObject: Invalid params
06-20 11:56:28.852  7114 15089 W metis_v2_JenaAdapter: updateObjectTypeObject: Invalid params
06-20 11:56:28.852  7114 15089 W metis_v2_JenaAdapter: updateDataTypeObject: Invalid params
06-20 11:56:28.852  7114 15089 W metis_v2_JenaAdapter: updateDataTypeObject: Invalid params
06-20 11:56:28.852  7114 15089 W metis_v2_JenaAdapter: updateDataTypeObject: Invalid params
06-20 11:56:28.852  7114 15089 W metis_v2_JenaAdapter: updateDataTypeObject: Invalid params
06-20 11:56:28.852  7114 15089 W metis_v2_JenaAdapter: updateDataTypeObject: Invalid params
06-20 11:56:28.852  7114 15089 W metis_v2_JenaAdapter: updateDataTypeObject: Invalid params
06-20 11:56:28.852  7114 15089 W metis_v2_JenaAdapter: updateObjectTypeObject: Invalid params
06-20 11:56:28.852  7114 15089 W metis_v2_JenaAdapter: updateObjectTypeObject: Invalid params
06-20 11:56:28.852  7114 15089 D metis_v2_JenaAdapter: putCache key:TopApplication, value:http://com.oplus.pantanal/metis/core-ontology#TopApplication
06-20 11:56:28.853  7114 15089 D metis_v2_AppInfoUtils: getTopAppInfos is [OplusAppInfo{windowingMode=1, activityType=2, taskId=5, appBounds=Rect(0, 0 - 1080, 2412), appInfo=ApplicationInfo{c48386c com.android.launcher}, topActivity=ComponentInfo{com.android.launcher/com.android.launcher.Launcher}, displayId=0, orientation=5, userId=0, launchedFromPackage=null, isRootActivity=true, extension=Bundle[EMPTY_PARCEL]}]
06-20 11:56:28.855  7114 15089 D DataCollector_ONetAdapter: getConnectedDevice
06-20 11:56:28.855  7114 15089 D ONet:case: (ONetAdapter.kt:35)get Cached Devices
06-20 11:56:28.856  7114 15089 D DataCollector_ONetAdapter: getConnectedDevice oNetDeviceList null
06-20 11:56:28.856  7114  7565 D metis_v2_FactClientImpl: listSubjectByDataTypeProperty p_id:hasPkgName  String o:com.android.launcher
06-20 11:56:28.856  7114 15089 I metis_v2_AppSwitchDataCollector: Skip call fire
06-20 11:56:28.858  2292  4441 I InputDispatcher: NFW_setFocusedWindow, 68b79 com.android.launcher/com.android.launcher.Launcher on display 0, same as the previous:0
06-20 11:56:28.858  2292  4441 I InputDispatcher: updateFocusedWindow, 68b79 com.android.launcher/com.android.launcher.Launcher on display 0, reason: setFocusedWindow, result:   FocusedWindows:
06-20 11:56:28.858  2292  4441 I InputDispatcher:     displayId=0, name='68b79 com.android.launcher/com.android.launcher.Launcher'
06-20 11:56:28.859  4153  4153 D VRI[Launcher]: onFocusEvent true
06-20 11:56:28.861  2292  3984 D InputMethodManagerService: isSecurity: attribute.packageName = com.android.launcher mCurMethodId = com.google.android.inputmethod.latin/com.android.inputmethod.latin.LatinIME isSecurity = false ( enable = false needShow = false inBlackList = false isExist = true )
06-20 11:56:28.861  2292  3984 I ImeTracker: com.android.launcher:50be00ec: onRequestHide at ORIGIN_SERVER_HIDE_INPUT reason HIDE_UNSPECIFIED_WINDOW
06-20 11:56:28.861  2292  3984 I ImeTracker: com.android.launcher:50be00ec: onCancelled at PHASE_SERVER_SHOULD_HIDE
06-20 11:56:28.861  4153  4153 W KeyGuardDismissedService[u0]: handleMessage --- unlock screen,pendingLock=false
06-20 11:56:28.861  4153  4153 W KeyGuardDismissedService[u0]: handleMessage unlock, launcher dismissState!=STATE_LOCK, do nothing, return!
06-20 11:56:28.862  2292  4307 V AutofillInlineSuggestionsRequestSession: onInputMethodFinishInput() received
06-20 11:56:28.862 11034 11034 I GoogleInputMethodService: GoogleInputMethodService.onFinishInput():3206
06-20 11:56:28.863 11034 11034 I GoogleInputMethodService: GoogleInputMethodService.updateDeviceLockedStatus():2147 repeatCheckTimes = 0, locked = false
06-20 11:56:28.863  2292  4441 V AutofillInlineSuggestionsRequestSession: onInputMethodStartInput() received on 0
06-20 11:56:28.864 11034 11034 I GoogleInputMethodService: GoogleInputMethodService.onStartInput():1894 onStartInput(EditorInfo{EditorInfo{packageName=com.android.launcher, inputType=0, inputTypeString=NULL, enableLearning=false, autoCorrection=false, autoComplete=false, imeOptions=0, privateImeOptions=null, actionName=UNSPECIFIED, actionLabel=null, initialSelStart=-1, initialSelEnd=-1, initialCapsMode=0, label=null, fieldId=0, fieldName=null, extras=Bundle[{com.oplus.im.SCENES=0}], hintText=null, hintLocales=[]}}, false)
06-20 11:56:28.864 11034 11034 I GoogleInputMethodService: GoogleInputMethodService.updateDeviceLockedStatus():2147 repeatCheckTimes = 1, locked = false
06-20 11:56:28.866  1712  4909 I ClientCache: removeProcess: Cache owner=0xb400007da37d0080
06-20 11:56:28.866  2292  2990 D DisplayManagerService: Display listener for pid 23482 died.
06-20 11:56:28.866  2292  4230 I ActivityManager: Process com.pagohelper (pid 23482) has died: prcp CRE
06-20 11:56:28.866  1225  1225 I Zygote  : Process 23482 exited due to signal 9 (Killed)
06-20 11:56:28.866  1712  1845 I SurfaceFlinger: [SF client] REMOVE (0xb400007da91df380) for (23482:com.pagohelper)
06-20 11:56:28.867  2292  2792 I libprocessgroup: Successfully killed process cgroup uid 10228 pid 23482 in 0ms
06-20 11:56:28.867  2292  2753 W WindowManager: Failed to deliver inset control state change to w=Window{d422b18 u0 com.pagohelper/com.pagohelper.MainActivity}
06-20 11:56:28.867  2292  2753 W WindowManager: android.os.DeadObjectException
06-20 11:56:28.867  2292  2753 W WindowManager:         at android.os.BinderProxy.transactNative(Native Method)
06-20 11:56:28.867  2292  2753 W WindowManager:         at android.os.BinderProxy.transact(BinderProxy.java:685)
06-20 11:56:28.867  2292  2753 W WindowManager:         at android.view.IWindow$Stub$Proxy.insetsControlChanged(IWindow.java:498)
06-20 11:56:28.867  2292  2753 W WindowManager:         at com.android.server.wm.WindowState.notifyInsetsControlChanged(WindowState.java:4266)
06-20 11:56:28.867  2292  2753 W WindowManager:         at com.android.server.wm.InsetsStateController.lambda$notifyPendingInsetsControlChanged$3(InsetsStateController.java:348)
06-20 11:56:28.867  2292  2753 W WindowManager:         at com.android.server.wm.InsetsStateController.$r8$lambda$8yykPRG1GyNq_J17QvL9d5xANMc(InsetsStateController.java:0)
06-20 11:56:28.867  2292  2753 W WindowManager:         at com.android.server.wm.InsetsStateController$$ExternalSyntheticLambda2.run(R8$$SyntheticClass:0)
06-20 11:56:28.867  2292  2753 W WindowManager:         at com.android.server.wm.WindowAnimator.executeAfterPrepareSurfacesRunnables(WindowAnimator.java:305)
06-20 11:56:28.867  2292  2753 W WindowManager:         at com.android.server.wm.RootWindowContainer.performSurfacePlacementNoTrace(RootWindowContainer.java:898)
06-20 11:56:28.867  2292  2753 W WindowManager:         at com.android.server.wm.RootWindowContainer.performSurfacePlacement(RootWindowContainer.java:839)
06-20 11:56:28.867  2292  2753 W WindowManager:         at com.android.server.wm.WindowSurfacePlacer.performSurfacePlacementLoop(WindowSurfacePlacer.java:182)
06-20 11:56:28.867  2292  2753 W WindowManager:         at com.android.server.wm.WindowSurfacePlacer.performSurfacePlacement(WindowSurfacePlacer.java:126)
06-20 11:56:28.867  2292  2753 W WindowManager:         at com.android.server.wm.WindowSurfacePlacer.performSurfacePlacement(WindowSurfacePlacer.java:115)
06-20 11:56:28.867  2292  2753 W WindowManager:         at com.android.server.wm.WindowSurfacePlacer$Traverser.run(WindowSurfacePlacer.java:57)
06-20 11:56:28.867  2292  2753 W WindowManager:         at android.os.Handler.handleCallback(Handler.java:958)
06-20 11:56:28.867  2292  2753 W WindowManager:         at android.os.Handler.dispatchMessage(Handler.java:99)
06-20 11:56:28.867  2292  2753 W WindowManager:         at android.os.Looper.loopOnce(Looper.java:257)
06-20 11:56:28.867  2292  2753 W WindowManager:         at android.os.Looper.loop(Looper.java:368)
06-20 11:56:28.867  2292  2753 W WindowManager:         at android.os.HandlerThread.run(HandlerThread.java:67)
06-20 11:56:28.867  2292  2753 W WindowManager:         at com.android.server.ServiceThread.run(ServiceThread.java:46)
06-20 11:56:28.868  2292  2989 I WindowManager: WIN DEATH: Window{d422b18 u0 com.pagohelper/com.pagohelper.MainActivity}
06-20 11:56:28.868  2292  2989 W InputManager-JNI: Input channel object 'd422b18 com.pagohelper/com.pagohelper.MainActivity (client)' was disposed without first being removed with the input manager!
06-20 11:56:28.868  7092  8647 V DeepThinker: ProcessManager: onProcessDied pid:23482, uid:10228
06-20 11:56:28.868 22460 22483 I UMS.HostLifeObserver: onProcessDied, pid=23482, uid=10228
06-20 11:56:28.869  5251 23547 D OplusAtlas.OplusAtlasEventDispatch: setEvent:atlas_event_on_process_died info:pid:23482,uid:10228
06-20 11:56:28.869 22460 24706 I UMS.HostPidManager: queryHostCardType, pidSet=[23482]
06-20 11:56:28.869 22460 24706 I UMS.HostPidManager: blockUntilInitFinish start
06-20 11:56:28.869 22460 24706 I UMS.HostPidManager: blockUntilInitFinish countDownLatch end
06-20 11:56:28.869 22460 24706 I UMS.HostPidManager: queryHostCardType, hostPidCache: {22757={69=com.oneplus.deskclock}, 6702={7=com.coloros.assistantscreen, 60=com.coloros.assistantscreen, 222220037=com.coloros.assistantscreen}}
06-20 11:56:28.869 22460 24706 I UMS.HostLifeObserver: clearDecisionResult, hostCardTypeMap = null
06-20 11:56:28.869  5251  6451 D OplusAtlas.OplusMessageHandler: handleMessage: Msg { when=0 what=1 obj=com.oplus.atlas.OplusAtlasEvent@76d3cbd target=com.oplus.atlas.OplusMessageHandler$MyHandler }
06-20 11:56:28.869  3870  6645 I SeedlingSdk.SeedlingSdkInterface: (SeedingBg) 8 gainSeedlingManager no callback begin isInitialed:2,[sdk:v1.1.26-436be62,plugin:v14.1.46-6f7dcb09]
06-20 11:56:28.869  3870  6645 I SeedlingSdk.PluginManager: (SeedingBg) gainSeedlingManager, entranceType:8, Start gain seedling manager.,[sdk:v1.1.26-436be62,plugin:v14.1.46-6f7dcb09]
06-20 11:56:28.869  3870  6645 I SeedlingSdk.PluginManager: (SeedingBg) gainSeedlingManager, entranceType:8, Seedling manager is already exist,step1.,[sdk:v1.1.26-436be62,plugin:v14.1.46-6f7dcb09]
06-20 11:56:28.869  3870  6645 I SeedlingSdk.SeedlingManager: sendKilledPid, entrance:status_bar[8,20],[sdk:v1.1.26-436be62,plugin:v14.1.46-6f7dcb09]
06-20 11:56:28.869  3870  6645 I SeedlingSdk.PidHelper: sendKilledPidToUms, from entrance, pidInfo:PidInfo(hostPidMap={com.oneplus.note=[], com.oneplus.deskclock=[], net.oneplus.weather=[]}, umsPidSet=[1182], extras=null),[sdk:v1.1.26-436be62,plugin:v14.1.46-6f7dcb09]
06-20 11:56:28.869  3870  7665 I SeedlingSdk.ContextProxy: acquireClient with uri:content://com.oplus.pantanal.ums.HostPidProvider/pid, pkgName:com.android.systemui, use userContext, userId:0,[sdk:v1.1.26-436be62,plugin:v14.1.46-6f7dcb09]
06-20 11:56:28.869  1691  8274 D AudioFlingerExtImpl: AudioFlingerExtImpl oplusSetParameters: keyvalue onForegroundActivitiesChanged=com.pagohelper:foreground:0
06-20 11:56:28.870  2292  4606 I OplusHansManager : onUidGone(), 10228 com.pagohelper exit SM
06-20 11:56:28.870  2292  4461 I OplusHansManager : uid=10228, pkg=com.pagohelper R exit SM
06-20 11:56:28.870  2292  4461 I OplusHansManager : uid=10228, pkg=com.pagohelper R exit(), R stay=0
06-20 11:56:28.870  2292  2750 D SensorService: onUidStateChanged uid = 10228, state = UID_STATE_IDLE
06-20 11:56:28.871  2292  3878 E OAPM    : activity preload is not enabled
06-20 11:56:28.871  2292  2750 D DisplayManagerService: Drop pending events for gone uid 10228
06-20 11:56:28.872  2292  4230 D SnapshotCache: removeRunningEntry id: 393, callers=com.android.server.wm.SnapshotCache.onAppRemoved:71 com.android.server.wm.AbsAppSnapshotController.onAppRemoved:611 com.android.server.wm.SnapshotController.onAppRemoved:205
06-20 11:56:28.872  2292  4230 D ActivityTaskManager: removeAppToken: ActivityRecord{6739004 u0 com.pagohelper/.MainActivity t393 f}} delayed=true parent=Task{9ba870 #393 type=standard A=10228:com.pagohelper} animating=true Callers=com.android.server.wm.DisplayContent.removeAppToken:1655 com.android.server.wm.ActivityRecord.removeFromHistory:4581 com.android.server.wm.ActivityRecord.handleAppDied:4911 com.android.server.wm.WindowProcessController.handleAppDied:1523
06-20 11:56:28.873  2292  4230 D FlexibleWindowManager: [resetSiblingEmbeddedTasksToFullScreen]size of embedded tasks is illegal
06-20 11:56:28.873  1712  1712 D Layer   : reparent to null sequence=46053, seq[4], name=Surface(name=2939e0d InputMethod)/@0xd0b81c5 - animation-leash of insets_animation#46053
06-20 11:56:28.873  1712  1712 D Layer   : reparent to null sequence=46052, seq[4], name=Surface(name=d422b18 com.pagohelper/com.pagohelper.MainActivity)/@0x1e74530 - animation-leash of starting_reveal#46052
06-20 11:56:28.884  4104  4173 W [0]DCS  : preciseControlPackageDictionary is not include packageName=com.android.systemui
06-20 11:56:28.884  3870  7665 I SeedlingSdk.PidHelper: sendKilledPidToUms, send to ums, bundle:Bundle[{bundle_key_ums_pid_set=[1182], bundle_key_host_pid_map={com.oneplus.note=[], com.oneplus.deskclock=[], net.oneplus.weather=[]}}],[sdk:v1.1.26-436be62,plugin:v14.1.46-6f7dcb09]
06-20 11:56:28.885 22460 22483 I UMS.StringUtils: secondPart=systemui
06-20 11:56:28.885 22460 24706 I UMS.HostPidManager: queryHostCardType, pidSet=[]
06-20 11:56:28.885 22460 24706 I UMS.HostPidProvider: clearDecisionResult, hostCardTypeMap = null
06-20 11:56:28.904  2292  4035 D ActivityTaskManager: Skipping, invisible task: Task{2f42a5a #5 type=home I=com.android.launcher/.Launcher}
06-20 11:56:28.904  2292  4035 D OplusAppListInterceptManager: shouldFilterTask
06-20 11:56:28.904  2292  4035 D OplusAppListInterceptManager: shouldFilterTask::packageName = com.pagohelper
06-20 11:56:28.904  2292  4035 D OplusAppListInterceptManager: shouldFilterTask
06-20 11:56:28.904  2292  4035 D OplusAppListInterceptManager: shouldFilterTask::packageName = com.android.settings
06-20 11:56:28.904  2292  4035 D OplusSplitScreenManagerService: com.android.settings unSupportsSplitScreen by blockList or ForbidActivityList
06-20 11:56:28.904  2292  4035 D OplusSplitScreenManagerService: com.android.settings unSupportsSplitScreen by blockList or ForbidActivityList
06-20 11:56:28.904  2292  4035 D OplusAppListInterceptManager: shouldFilterTask
06-20 11:56:28.904  2292  4035 D OplusAppListInterceptManager: shouldFilterTask::packageName = com.android.chrome
06-20 11:56:28.904  2292  4035 D OplusAppListInterceptManager: shouldFilterTask
06-20 11:56:28.904  2292  4035 D OplusAppListInterceptManager: shouldFilterTask::packageName = com.instagram.android
06-20 11:56:28.904  2292  4035 D OplusSplitScreenManagerService: com.instagram.android unSupportsSplitScreen by blockList or ForbidActivityList
06-20 11:56:28.904  2292  4035 D OplusAppListInterceptManager: shouldFilterTask
06-20 11:56:28.904  2292  4035 D OplusAppListInterceptManager: shouldFilterTask::packageName = com.themausoft.wpsapp
06-20 11:56:28.904  2292  4035 D ActivityTaskManager: after skip size 5
06-20 11:56:28.908  2292  4035 D TaskSnapshotControllerExtImpl: createTaskSnapshot isCompatMode:false, isCompactWindow:false
06-20 11:56:28.908  1712  1845 D SurfaceFlinger: captureLayers from pid 2292 uid -1
06-20 11:56:29.091  3870  3870 I SystemUi--Notification: OplusNotificationShadeWindowControllerExImpl-->SHADE_FOCUSABLE-->mNotificationShadeFocusable= false, mPanelExpanded= false, mBouncerShowing= false, mKeyguardShowing= false, mKeyguardOccluded= false, mKeyguardNeedsInput= false, ENABLE_REMOTE_INPUT= true, mRemoteInputActive= false, layoutFlags= -2130444216
06-20 11:56:29.091  3870  3870 D UXUtils : notifyUiSwitched: 0; stack: com.oplus.systemui.shade.OplusNotificationShadeWindowControllerExImpl.notifyUiSwitched:73
06-20 11:56:29.091  3870  3870 D UXUtils : set ux flag--> setFlag = 4, old flag = 4, open = false, cal = 0
06-20 11:56:29.091  3870  3870 D UXUtils : set process top-ui: pid=3870 value=2
06-20 11:56:29.094  3870  4031 D OpenGLRenderer: RenderProxy::destroy: this=0xb40000784355d900, mContext=0xb4000077d7596a40
06-20 11:56:29.094  3870  4052 D OpenGLRenderer: SkiaOpenGLPipeline::setSurface: this=0xb4000078a987edc0, surface=NULL
06-20 11:56:29.096  3870  4052 D BufferQueueProducer: [VRI[pagohelper]#2545(BLAST Consumer)2545](id:f1e00000b0e,api:1,p:3870,c:3870) disconnect: api 1
06-20 11:56:29.097  3870  4031 D ViewRootImplExtImpl: wrapConfigInfoIntoFlags rotation=0, smallestScreenWidthDp=360, relayoutAsync=false, newFlags=23592960, title=Splash Screen com.pagohelper
06-20 11:56:29.097  3870  4118 D UXUtils : setHasTopUi: false; stack: com.android.systemui.shade.NotificationShadeWindowControllerImpl.lambda$apply$0:623
06-20 11:56:29.098  2292  4035 D WindowManagerServiceExtImpl: extractConfigInfoAndRealFlags rotation=0, screenDp=360, win=Window{380cb21 u0 Splash Screen com.pagohelper}
06-20 11:56:29.098  2292  4035 V WindowManager: Relayout Window{380cb21 u0 Splash Screen com.pagohelper}: viewVisibility=8, oldvis=0, req=1080x2412, vsysui=
06-20 11:56:29.098  8919  8933 E IHansComunication: HANS printMessageBody: RCV message: type = 0,port = 86870,caller_pid = 2188,caller_uid = 1047,target_pid = 13800,target_uid = 10359,pkg_cmd = -1,rpc = android.hardware.ICameraServiceListener/5
06-20 11:56:29.100  2292  4035 I SurfaceAnimationRunner: startAnimation requiresEdgeExtension=false, animationLeash=Surface(name=Surface(name=380cb21 Splash Screen com.pagohelper)/@0xd3283c1 - animation-leash of window_animation)/@0xaed1766, runningAnim=com.android.server.wm.SurfaceAnimationRunner$RunningAnimation@2f83aa7, mPreProcessingAnimations={}
06-20 11:56:29.102  3870  4031 D BLASTBufferQueue: [VRI[pagohelper]#2545](f:0,a:2) destructor()
06-20 11:56:29.102  3870  4031 D BufferQueueConsumer: [VRI[pagohelper]#2545(BLAST Consumer)2545](id:f1e00000b0e,api:0,p:-1,c:3870) disconnect
06-20 11:56:29.102  3870  4031 D OplusScrollToTopManager: Splash Screen com.pagohelper,window dying
06-20 11:56:29.102  3870  4031 D OplusScrollToTopManager: Splash Screen com.pagohelper,unregisterSystemUIBroadcastReceiver
06-20 11:56:29.102  3870  4031 D OplusScrollToTopManager: Splash Screen com.pagohelper, unregisterSystemUIBroadcastReceiver failed java.lang.IllegalArgumentException: Receiver not registered: android.view.OplusScrollToTopManager$2@26e4b25
06-20 11:56:29.102  3870  4031 W WindowOnBackDispatcher: sendCancelIfRunning: isInProgress=falsecallback=android.view.ViewRootImpl$$ExternalSyntheticLambda17@cc9fc63
06-20 11:56:29.103  2292  4301 D CoreBackPreview: Window{380cb21 u0 Splash Screen com.pagohelper EXITING}: Setting back callback null
06-20 11:56:29.103  2292  4443 W InputManager-JNI: Input channel object '380cb21 Splash Screen com.pagohelper (client)' was disposed without first being removed with the input manager!
06-20 11:56:29.106  2292  2755 D SurfaceAnimationRunner: onAnimationStart:Surface(name=Surface(name=380cb21 Splash Screen com.pagohelper)/@0xd3283c1 - animation-leash of window_animation)/@0xaed1766
06-20 11:56:29.257  2292  2753 I WindowStateExtImpl: onSurfaceShowChange show = false mPackageName = com.pagohelper parentPkgName = com.pagohelper
06-20 11:56:29.257  2292  2755 D SurfaceAnimationRunner: onAnimationEnd:Surface(name=Surface(name=380cb21 Splash Screen com.pagohelper)/@0xd3283c1 - animation-leash of window_animation)/@0xaed1766
06-20 11:56:29.258  2292  2753 I WindowManager: Window{380cb21 u0 Splash Screen com.pagohelper EXITING} state from HAS_DRAWN to NO_SURFACE; reason: destroySurface
06-20 11:56:29.272  1712  1712 D Layer   : reparent to null sequence=46041, seq[4], name=Splash Screen com.pagohelper#46041
